type Product @key(fields: "id") @key(fields: "sku package") @key(fields: "sku variation { id }") {
  id: ID!
  variation: ProductVariation
  createdBy: User! @provides(fields: "totalProductsCreated")
  sku: String
  package: String
  dimensions: ProductDimension
}

type ProductDimension {
  size: String
  weight: Float
}

type ProductVariation {
  id: ID!
}

extend type Query {
  product(id: ID!): Product
}

extend type User @key(fields: "email") {
  email: ID! @external
  totalProductsCreated: Int @external
}
